# vsim -coverage -l apb_unaligned_chk.log -c test_bench -voptargs="+cover=bcesft" -assertdebug -do "coverage save -onexit apb_unaligned_chk.ucdb; log -r /*;run -all" 
# Start time: 01:04:49 on Jun 15,2026
# ** Note: (vsim-3813) Design is being optimized due to module recompilation...
# ** Warning: ../tb/test_bench.v(22): (vopt-2241) Connection width does not match width of port 'tim_paddr'. The port definition is at: ../rtl/timer_top.v(7).
# ** Note: (vsim-12126) Error and warning message counts have been restored: Errors=0, Warnings=1.
# //  Questa Intel Starter FPGA Edition-64
# //  Version 2024.3 linux_x86_64 Sep 10 2024
# //
# // Unpublished work. Copyright 2024 Siemens
# //
# // This material contains trade secrets or otherwise confidential information
# // owned by Siemens Industry Software Inc. or its affiliates (collectively,
# // "SISW"), or its licensors. Access to and use of this information is strictly
# // limited as set forth in the Customer's applicable agreements with SISW.
# //
# // This material may not be copied, distributed, or otherwise disclosed outside
# // of the Customer's facilities without the express written permission of SISW,
# // and may not be used in any way not expressly authorized by SISW.
# //
# Loading work.test_bench(fast)
# coverage save -onexit apb_unaligned_chk.ucdb
#  log -r /*
# run -all
# ====================================================
# ==============Test Case: check Protocol Test========
# ====================================================
# Reseting ...
# Reset done
# t=       400 [TB_WRITE]: paddr = 00000004 | pwdata = 33333333 | pstrb = f
# tim_pslverr is not asserted.
# t=       551 [TB_READ]: paddr = 00000004 prdata = 33333333
# -------------------------------------------------
# t =        551 [[0;32m PASS: prdata 32'33333333 at addr 00000004 is  correct [0m]
# -------------------------------------------------
# Address unaligned offset 0x1
# t=       551 [TB_WRITE]: paddr = 00000005 | pwdata = 44444444 | pstrb = f
# tim_pslverr is not asserted.
# t=       711 [TB_READ]: paddr = 00000005 prdata = 00000000
# -------------------------------------------------
# t =        711 [[0;32m PASS: prdata 32'00000000 at addr 00000005 is  correct [0m]
# -------------------------------------------------
# t=       791 [TB_READ]: paddr = 00000004 prdata = 33333333
# -------------------------------------------------
# t =        791 [[0;32m PASS: prdata 32'33333333 at addr 00000004 is  correct [0m]
# -------------------------------------------------
# Address unaligned offset 0x2
# t=       791 [TB_WRITE]: paddr = 00000006 | pwdata = 44444444 | pstrb = f
# tim_pslverr is not asserted.
# t=       951 [TB_READ]: paddr = 00000006 prdata = 00000000
# -------------------------------------------------
# t =        951 [[0;32m PASS: prdata 32'00000000 at addr 00000006 is  correct [0m]
# -------------------------------------------------
# t=      1031 [TB_READ]: paddr = 00000004 prdata = 33333333
# -------------------------------------------------
# t =       1031 [[0;32m PASS: prdata 32'33333333 at addr 00000004 is  correct [0m]
# -------------------------------------------------
# Address unaligned offset 0x3
# t=      1031 [TB_WRITE]: paddr = 00000007 | pwdata = 44444444 | pstrb = f
# tim_pslverr is not asserted.
# t=      1191 [TB_READ]: paddr = 00000007 prdata = 00000000
# -------------------------------------------------
# t =       1191 [[0;32m PASS: prdata 32'00000000 at addr 00000007 is  correct [0m]
# -------------------------------------------------
# t=      1271 [TB_READ]: paddr = 00000004 prdata = 33333333
# -------------------------------------------------
# t =       1271 [[0;32m PASS: prdata 32'33333333 at addr 00000004 is  correct [0m]
# -------------------------------------------------
# TEST STATUS: PASS
# ** Note: $finish    : ../tb/test_bench.v(71)
#    Time: 1471 ns  Iteration: 0  Instance: /test_bench
# Saving coverage database on exit...
# End time: 01:04:49 on Jun 15,2026, Elapsed time: 0:00:00
# Errors: 0, Warnings: 1
