# vsim -coverage -l apb_multiple_access.log -c test_bench -voptargs="+cover=bcesft" -assertdebug -do "coverage save -onexit apb_multiple_access.ucdb; log -r /*;run -all" 
# Start time: 01:04:45 on Jun 15,2026
# ** Note: (vsim-3812) Design is being optimized...
# ** Warning: ../tb/test_bench.v(22): (vopt-2241) Connection width does not match width of port 'tim_paddr'. The port definition is at: ../rtl/timer_top.v(7).
# ** Note: (vsim-12126) Error and warning message counts have been restored: Errors=0, Warnings=1.
# //  Questa Intel Starter FPGA Edition-64
# //  Version 2024.3 linux_x86_64 Sep 10 2024
# //
# // Unpublished work. Copyright 2024 Siemens
# //
# // This material contains trade secrets or otherwise confidential information
# // owned by Siemens Industry Software Inc. or its affiliates (collectively,
# // "SISW"), or its licensors. Access to and use of this information is strictly
# // limited as set forth in the Customer's applicable agreements with SISW.
# //
# // This material may not be copied, distributed, or otherwise disclosed outside
# // of the Customer's facilities without the express written permission of SISW,
# // and may not be used in any way not expressly authorized by SISW.
# //
# Loading work.test_bench(fast)
# coverage save -onexit apb_multiple_access.ucdb
#  log -r /*
# run -all
# ====================================================
# ==============Test Case: APB multiple access=============
# ====================================================
# Reseting ...
# Reset done
# Multiple APB access
# tim_pslverr is not asserted.
# tim_pslverr is not asserted.
# Normal read
# t=       611 [TB_READ]: paddr = 00000004 prdata = 11111111
# -------------------------------------------------
# t =        611 [[0;32m PASS: prdata 32'11111111 at addr 00000004 is  correct [0m]
# -------------------------------------------------
# t=       691 [TB_READ]: paddr = 00000008 prdata = 22222222
# -------------------------------------------------
# t =        691 [[0;32m PASS: prdata 32'22222222 at addr 00000008 is  correct [0m]
# -------------------------------------------------
# Normal write
# t=       691 [TB_WRITE]: paddr = 00000004 | pwdata = 33333333 | pstrb = f
# tim_pslverr is not asserted.
# t=       771 [TB_WRITE]: paddr = 00000008 | pwdata = 44444444 | pstrb = f
# tim_pslverr is not asserted.
# Multiple read
# -------------------------------------------------
# t =        911 [[0;32m PASS: prdata 32'33333333 at addr 00000004 is  correct [0m]
# -------------------------------------------------
# -------------------------------------------------
# t =        971 [[0;32m PASS: prdata 32'44444444 at addr 00000008 is  correct [0m]
# -------------------------------------------------
# WR TDR0 - WR TDR1
# tim_pslverr is not asserted.
# -------------------------------------------------
# t =       1111 [[0;32m PASS: prdata 32'55555555 at addr 00000004 is  correct [0m]
# -------------------------------------------------
# tim_pslverr is not asserted.
# -------------------------------------------------
# t =       1231 [[0;32m PASS: prdata 32'66666666 at addr 00000008 is  correct [0m]
# -------------------------------------------------
# TEST STATUS: PASS
# ** Note: $finish    : ../tb/test_bench.v(71)
#    Time: 1450 ns  Iteration: 0  Instance: /test_bench
# Saving coverage database on exit...
# End time: 01:04:46 on Jun 15,2026, Elapsed time: 0:00:01
# Errors: 0, Warnings: 1
