# vsim -coverage -l reg_reserved_chk.log -c test_bench -voptargs="+cover=bcesft" -assertdebug -do "coverage save -onexit reg_reserved_chk.ucdb; log -r /*;run -all" 
# Start time: 01:04:59 on Jun 15,2026
# ** Note: (vsim-3813) Design is being optimized due to module recompilation...
# ** Warning: ../tb/test_bench.v(22): (vopt-2241) Connection width does not match width of port 'tim_paddr'. The port definition is at: ../rtl/timer_top.v(7).
# ** Note: (vsim-12126) Error and warning message counts have been restored: Errors=0, Warnings=1.
# //  Questa Intel Starter FPGA Edition-64
# //  Version 2024.3 linux_x86_64 Sep 10 2024
# //
# // Unpublished work. Copyright 2024 Siemens
# //
# // This material contains trade secrets or otherwise confidential information
# // owned by Siemens Industry Software Inc. or its affiliates (collectively,
# // "SISW"), or its licensors. Access to and use of this information is strictly
# // limited as set forth in the Customer's applicable agreements with SISW.
# //
# // This material may not be copied, distributed, or otherwise disclosed outside
# // of the Customer's facilities without the express written permission of SISW,
# // and may not be used in any way not expressly authorized by SISW.
# //
# Loading work.test_bench(fast)
# coverage save -onexit reg_reserved_chk.ucdb
#  log -r /*
# run -all
# ====================================================
# ==============Test Case: check Reserved=============
# ====================================================
# Reseting ...
# Reset done
# Write to 0x2309_2005
# t=       400 [TB_WRITE]: paddr = 23092005 | pwdata = ffffffff | pstrb = f
# tim_pslverr is not asserted.
# t=       551 [TB_READ]: paddr = 23092005 prdata = 00000000
# -------------------------------------------------
# t =        551 [[0;32m PASS: prdata 32'00000000 at addr 23092005 is  correct [0m]
# -------------------------------------------------
# Write to begin of reserved address
# t=       551 [TB_WRITE]: paddr = 0000001d | pwdata = ffffffff | pstrb = f
# tim_pslverr is not asserted.
# t=       711 [TB_READ]: paddr = 0000001d prdata = 00000000
# -------------------------------------------------
# t =        711 [[0;32m PASS: prdata 32'00000000 at addr 0000001d is  correct [0m]
# -------------------------------------------------
# t=       711 [TB_WRITE]: paddr = 00000020 | pwdata = ffffffff | pstrb = f
# tim_pslverr is not asserted.
# t=       871 [TB_READ]: paddr = 00000020 prdata = 00000000
# -------------------------------------------------
# t =        871 [[0;32m PASS: prdata 32'00000000 at addr 00000020 is  correct [0m]
# -------------------------------------------------
# t=       871 [TB_WRITE]: paddr = 00000040 | pwdata = ffffffff | pstrb = f
# tim_pslverr is not asserted.
# t=      1031 [TB_READ]: paddr = 00000040 prdata = 00000000
# -------------------------------------------------
# t =       1031 [[0;32m PASS: prdata 32'00000000 at addr 00000040 is  correct [0m]
# -------------------------------------------------
# t=      1031 [TB_WRITE]: paddr = 00000080 | pwdata = ffffffff | pstrb = f
# tim_pslverr is not asserted.
# t=      1191 [TB_READ]: paddr = 00000080 prdata = 00000000
# -------------------------------------------------
# t =       1191 [[0;32m PASS: prdata 32'00000000 at addr 00000080 is  correct [0m]
# -------------------------------------------------
# t=      1191 [TB_WRITE]: paddr = 00000100 | pwdata = ffffffff | pstrb = f
# tim_pslverr is not asserted.
# t=      1351 [TB_READ]: paddr = 00000100 prdata = 00000000
# -------------------------------------------------
# t =       1351 [[0;32m PASS: prdata 32'00000000 at addr 00000100 is  correct [0m]
# -------------------------------------------------
# t=      1351 [TB_WRITE]: paddr = 00000200 | pwdata = ffffffff | pstrb = f
# tim_pslverr is not asserted.
# t=      1511 [TB_READ]: paddr = 00000200 prdata = 00000000
# -------------------------------------------------
# t =       1511 [[0;32m PASS: prdata 32'00000000 at addr 00000200 is  correct [0m]
# -------------------------------------------------
# t=      1511 [TB_WRITE]: paddr = 00000400 | pwdata = ffffffff | pstrb = f
# tim_pslverr is not asserted.
# t=      1671 [TB_READ]: paddr = 00000400 prdata = 00000000
# -------------------------------------------------
# t =       1671 [[0;32m PASS: prdata 32'00000000 at addr 00000400 is  correct [0m]
# -------------------------------------------------
# t=      1671 [TB_WRITE]: paddr = 00000800 | pwdata = ffffffff | pstrb = f
# tim_pslverr is not asserted.
# t=      1831 [TB_READ]: paddr = 00000800 prdata = 00000000
# -------------------------------------------------
# t =       1831 [[0;32m PASS: prdata 32'00000000 at addr 00000800 is  correct [0m]
# -------------------------------------------------
# TEST STATUS: PASS
# ** Note: $finish    : ../tb/test_bench.v(71)
#    Time: 2031 ns  Iteration: 0  Instance: /test_bench
# Saving coverage database on exit...
# End time: 01:05:00 on Jun 15,2026, Elapsed time: 0:00:01
# Errors: 0, Warnings: 1
