# vsim -coverage -l reg_rw_chk.log -c test_bench -voptargs="+cover=bcesft" -assertdebug -do "coverage save -onexit reg_rw_chk.ucdb; log -r /*;run -all" 
# Start time: 01:05:01 on Jun 15,2026
# ** Note: (vsim-3813) Design is being optimized due to module recompilation...
# ** Warning: ../tb/test_bench.v(22): (vopt-2241) Connection width does not match width of port 'tim_paddr'. The port definition is at: ../rtl/timer_top.v(7).
# ** Note: (vsim-12126) Error and warning message counts have been restored: Errors=0, Warnings=1.
# //  Questa Intel Starter FPGA Edition-64
# //  Version 2024.3 linux_x86_64 Sep 10 2024
# //
# // Unpublished work. Copyright 2024 Siemens
# //
# // This material contains trade secrets or otherwise confidential information
# // owned by Siemens Industry Software Inc. or its affiliates (collectively,
# // "SISW"), or its licensors. Access to and use of this information is strictly
# // limited as set forth in the Customer's applicable agreements with SISW.
# //
# // This material may not be copied, distributed, or otherwise disclosed outside
# // of the Customer's facilities without the express written permission of SISW,
# // and may not be used in any way not expressly authorized by SISW.
# //
# Loading work.test_bench(fast)
# coverage save -onexit reg_rw_chk.ucdb
#  log -r /*
# run -all
# ====================================================
# ==============Test Case: check Reg RW ==============
# ====================================================
# Reseting ...
# Reset done
# ****Verify TCR R/W****
# t=       400 [TB_WRITE]: paddr = 00000000 | pwdata = 00000000 | pstrb = f
# tim_pslverr is not asserted.
# t=       551 [TB_READ]: paddr = 00000000 prdata = 00000000
# -------------------------------------------------
# t =        551 [[0;32m PASS: prdata 32'00000000 at addr 00000000 is  correct [0m]
# -------------------------------------------------
# t=       551 [TB_WRITE]: paddr = 00000000 | pwdata = ffffffff | pstrb = f
# t=       611 tim_pslverr is asserted. The data is violated
# t=       711 [TB_READ]: paddr = 00000000 prdata = 00000000
# -------------------------------------------------
# t =        711 [[0;32m PASS: prdata 32'00000000 at addr 00000000 is  correct [0m]
# -------------------------------------------------
# t=       711 [TB_WRITE]: paddr = 00000000 | pwdata = aaaaaaaa | pstrb = f
# t=       771 tim_pslverr is asserted. The data is violated
# t=       871 [TB_READ]: paddr = 00000000 prdata = 00000000
# -------------------------------------------------
# t =        871 [[0;32m PASS: prdata 32'00000000 at addr 00000000 is  correct [0m]
# -------------------------------------------------
# t=       871 [TB_WRITE]: paddr = 00000000 | pwdata = 55555555 | pstrb = f
# tim_pslverr is not asserted.
# t=      1031 [TB_READ]: paddr = 00000000 prdata = 00000501
# -------------------------------------------------
# t =       1031 [[0;32m PASS: prdata 32'00000501 at addr 00000000 is  correct [0m]
# -------------------------------------------------
# t=      1031 [TB_WRITE]: paddr = 00000000 | pwdata = 5aa5a55a | pstrb = f
# t=      1091 tim_pslverr is asserted. The data is violated
# t=      1191 [TB_READ]: paddr = 00000000 prdata = 00000501
# -------------------------------------------------
# t =       1191 [[0;32m PASS: prdata 32'00000501 at addr 00000000 is  correct [0m]
# -------------------------------------------------
# div_val check
# clear to all = 0
# Reseting ...
# Reset done
# Write div_val = 8
# t=      1491 [TB_WRITE]: paddr = 00000000 | pwdata = 00000800 | pstrb = f
# tim_pslverr is not asserted.
# t=      1651 [TB_READ]: paddr = 00000000 prdata = 00000800
# -------------------------------------------------
# t =       1651 [[0;32m PASS: prdata 32'00000800 at addr 00000000 is  correct [0m]
# -------------------------------------------------
# Write div_val = 9
# t=      1651 [TB_WRITE]: paddr = 00000000 | pwdata = 00000900 | pstrb = f
# t=      1711 tim_pslverr is asserted. The data is violated
# t=      1811 [TB_READ]: paddr = 00000000 prdata = 00000800
# -------------------------------------------------
# t =       1811 [[0;32m PASS: prdata 32'00000800 at addr 00000000 is  correct [0m]
# -------------------------------------------------
# Write div_val = 7
# t=      1811 [TB_WRITE]: paddr = 00000000 | pwdata = 00000700 | pstrb = f
# tim_pslverr is not asserted.
# t=      1971 [TB_READ]: paddr = 00000000 prdata = 00000700
# -------------------------------------------------
# t =       1971 [[0;32m PASS: prdata 32'00000700 at addr 00000000 is  correct [0m]
# -------------------------------------------------
# ****Verify TDR0 R/W****
# t=      1971 [TB_WRITE]: paddr = 00000004 | pwdata = 00000000 | pstrb = f
# tim_pslverr is not asserted.
# t=      2131 [TB_READ]: paddr = 00000004 prdata = 00000000
# -------------------------------------------------
# t =       2131 [[0;32m PASS: prdata 32'00000000 at addr 00000004 is  correct [0m]
# -------------------------------------------------
# t=      2131 [TB_WRITE]: paddr = 00000004 | pwdata = ffffffff | pstrb = f
# tim_pslverr is not asserted.
# t=      2291 [TB_READ]: paddr = 00000004 prdata = ffffffff
# -------------------------------------------------
# t =       2291 [[0;32m PASS: prdata 32'ffffffff at addr 00000004 is  correct [0m]
# -------------------------------------------------
# t=      2291 [TB_WRITE]: paddr = 00000004 | pwdata = aaaaaaaa | pstrb = f
# tim_pslverr is not asserted.
# t=      2451 [TB_READ]: paddr = 00000004 prdata = aaaaaaaa
# -------------------------------------------------
# t =       2451 [[0;32m PASS: prdata 32'aaaaaaaa at addr 00000004 is  correct [0m]
# -------------------------------------------------
# t=      2451 [TB_WRITE]: paddr = 00000004 | pwdata = 55555555 | pstrb = f
# tim_pslverr is not asserted.
# t=      2611 [TB_READ]: paddr = 00000004 prdata = 55555555
# -------------------------------------------------
# t =       2611 [[0;32m PASS: prdata 32'55555555 at addr 00000004 is  correct [0m]
# -------------------------------------------------
# t=      2611 [TB_WRITE]: paddr = 00000004 | pwdata = 5aa5a55a | pstrb = f
# tim_pslverr is not asserted.
# t=      2771 [TB_READ]: paddr = 00000004 prdata = 5aa5a55a
# -------------------------------------------------
# t =       2771 [[0;32m PASS: prdata 32'5aa5a55a at addr 00000004 is  correct [0m]
# -------------------------------------------------
# ****Verify TDR1 R/W****
# t=      2771 [TB_WRITE]: paddr = 00000008 | pwdata = 00000000 | pstrb = f
# tim_pslverr is not asserted.
# t=      2931 [TB_READ]: paddr = 00000008 prdata = 00000000
# -------------------------------------------------
# t =       2931 [[0;32m PASS: prdata 32'00000000 at addr 00000008 is  correct [0m]
# -------------------------------------------------
# t=      2931 [TB_WRITE]: paddr = 00000008 | pwdata = ffffffff | pstrb = f
# tim_pslverr is not asserted.
# t=      3091 [TB_READ]: paddr = 00000008 prdata = ffffffff
# -------------------------------------------------
# t =       3091 [[0;32m PASS: prdata 32'ffffffff at addr 00000008 is  correct [0m]
# -------------------------------------------------
# t=      3091 [TB_WRITE]: paddr = 00000008 | pwdata = aaaaaaaa | pstrb = f
# tim_pslverr is not asserted.
# t=      3251 [TB_READ]: paddr = 00000008 prdata = aaaaaaaa
# -------------------------------------------------
# t =       3251 [[0;32m PASS: prdata 32'aaaaaaaa at addr 00000008 is  correct [0m]
# -------------------------------------------------
# t=      3251 [TB_WRITE]: paddr = 00000008 | pwdata = 55555555 | pstrb = f
# tim_pslverr is not asserted.
# t=      3411 [TB_READ]: paddr = 00000008 prdata = 55555555
# -------------------------------------------------
# t =       3411 [[0;32m PASS: prdata 32'55555555 at addr 00000008 is  correct [0m]
# -------------------------------------------------
# t=      3411 [TB_WRITE]: paddr = 00000008 | pwdata = 5aa5a55a | pstrb = f
# tim_pslverr is not asserted.
# t=      3571 [TB_READ]: paddr = 00000008 prdata = 5aa5a55a
# -------------------------------------------------
# t =       3571 [[0;32m PASS: prdata 32'5aa5a55a at addr 00000008 is  correct [0m]
# -------------------------------------------------
# ****Verify TCMP0 R/W****
# t=      3571 [TB_WRITE]: paddr = 0000000c | pwdata = 00000000 | pstrb = f
# tim_pslverr is not asserted.
# t=      3731 [TB_READ]: paddr = 0000000c prdata = 00000000
# -------------------------------------------------
# t =       3731 [[0;32m PASS: prdata 32'00000000 at addr 0000000c is  correct [0m]
# -------------------------------------------------
# t=      3731 [TB_WRITE]: paddr = 0000000c | pwdata = ffffffff | pstrb = f
# tim_pslverr is not asserted.
# t=      3891 [TB_READ]: paddr = 0000000c prdata = ffffffff
# -------------------------------------------------
# t =       3891 [[0;32m PASS: prdata 32'ffffffff at addr 0000000c is  correct [0m]
# -------------------------------------------------
# t=      3891 [TB_WRITE]: paddr = 0000000c | pwdata = aaaaaaaa | pstrb = f
# tim_pslverr is not asserted.
# t=      4051 [TB_READ]: paddr = 0000000c prdata = aaaaaaaa
# -------------------------------------------------
# t =       4051 [[0;32m PASS: prdata 32'aaaaaaaa at addr 0000000c is  correct [0m]
# -------------------------------------------------
# t=      4051 [TB_WRITE]: paddr = 0000000c | pwdata = 55555555 | pstrb = f
# tim_pslverr is not asserted.
# t=      4211 [TB_READ]: paddr = 0000000c prdata = 55555555
# -------------------------------------------------
# t =       4211 [[0;32m PASS: prdata 32'55555555 at addr 0000000c is  correct [0m]
# -------------------------------------------------
# t=      4211 [TB_WRITE]: paddr = 0000000c | pwdata = 5aa5a55a | pstrb = f
# tim_pslverr is not asserted.
# t=      4371 [TB_READ]: paddr = 0000000c prdata = 5aa5a55a
# -------------------------------------------------
# t =       4371 [[0;32m PASS: prdata 32'5aa5a55a at addr 0000000c is  correct [0m]
# -------------------------------------------------
# ****Verify TCMP1 R/W****
# t=      4371 [TB_WRITE]: paddr = 00000010 | pwdata = 00000000 | pstrb = f
# tim_pslverr is not asserted.
# t=      4531 [TB_READ]: paddr = 00000010 prdata = 00000000
# -------------------------------------------------
# t =       4531 [[0;32m PASS: prdata 32'00000000 at addr 00000010 is  correct [0m]
# -------------------------------------------------
# t=      4531 [TB_WRITE]: paddr = 00000010 | pwdata = ffffffff | pstrb = f
# tim_pslverr is not asserted.
# t=      4691 [TB_READ]: paddr = 00000010 prdata = ffffffff
# -------------------------------------------------
# t =       4691 [[0;32m PASS: prdata 32'ffffffff at addr 00000010 is  correct [0m]
# -------------------------------------------------
# t=      4691 [TB_WRITE]: paddr = 00000010 | pwdata = aaaaaaaa | pstrb = f
# tim_pslverr is not asserted.
# t=      4851 [TB_READ]: paddr = 00000010 prdata = aaaaaaaa
# -------------------------------------------------
# t =       4851 [[0;32m PASS: prdata 32'aaaaaaaa at addr 00000010 is  correct [0m]
# -------------------------------------------------
# t=      4851 [TB_WRITE]: paddr = 00000010 | pwdata = 55555555 | pstrb = f
# tim_pslverr is not asserted.
# t=      5011 [TB_READ]: paddr = 00000010 prdata = 55555555
# -------------------------------------------------
# t =       5011 [[0;32m PASS: prdata 32'55555555 at addr 00000010 is  correct [0m]
# -------------------------------------------------
# t=      5011 [TB_WRITE]: paddr = 00000010 | pwdata = 5aa5a55a | pstrb = f
# tim_pslverr is not asserted.
# t=      5171 [TB_READ]: paddr = 00000010 prdata = 5aa5a55a
# -------------------------------------------------
# t =       5171 [[0;32m PASS: prdata 32'5aa5a55a at addr 00000010 is  correct [0m]
# -------------------------------------------------
# ****Verify TIER R/W****
# t=      5171 [TB_WRITE]: paddr = 00000014 | pwdata = 00000000 | pstrb = f
# tim_pslverr is not asserted.
# t=      5331 [TB_READ]: paddr = 00000014 prdata = 00000000
# -------------------------------------------------
# t =       5331 [[0;32m PASS: prdata 32'00000000 at addr 00000014 is  correct [0m]
# -------------------------------------------------
# t=      5331 [TB_WRITE]: paddr = 00000014 | pwdata = ffffffff | pstrb = f
# tim_pslverr is not asserted.
# t=      5491 [TB_READ]: paddr = 00000014 prdata = 00000001
# -------------------------------------------------
# t =       5491 [[0;32m PASS: prdata 32'00000001 at addr 00000014 is  correct [0m]
# -------------------------------------------------
# t=      5491 [TB_WRITE]: paddr = 00000014 | pwdata = aaaaaaaa | pstrb = f
# tim_pslverr is not asserted.
# t=      5651 [TB_READ]: paddr = 00000014 prdata = 00000000
# -------------------------------------------------
# t =       5651 [[0;32m PASS: prdata 32'00000000 at addr 00000014 is  correct [0m]
# -------------------------------------------------
# t=      5651 [TB_WRITE]: paddr = 00000014 | pwdata = 55555555 | pstrb = f
# tim_pslverr is not asserted.
# t=      5811 [TB_READ]: paddr = 00000014 prdata = 00000001
# -------------------------------------------------
# t =       5811 [[0;32m PASS: prdata 32'00000001 at addr 00000014 is  correct [0m]
# -------------------------------------------------
# t=      5811 [TB_WRITE]: paddr = 00000014 | pwdata = 5aa5a55a | pstrb = f
# tim_pslverr is not asserted.
# t=      5971 [TB_READ]: paddr = 00000014 prdata = 00000000
# -------------------------------------------------
# t =       5971 [[0;32m PASS: prdata 32'00000000 at addr 00000014 is  correct [0m]
# -------------------------------------------------
# clear to all = 0
# Reseting ...
# Reset done
# ****Verify TISR R/W****
# t=      6271 [TB_WRITE]: paddr = 00000018 | pwdata = 00000000 | pstrb = f
# tim_pslverr is not asserted.
# t=      6431 [TB_READ]: paddr = 00000018 prdata = 00000000
# -------------------------------------------------
# t =       6431 [[0;32m PASS: prdata 32'00000000 at addr 00000018 is  correct [0m]
# -------------------------------------------------
# t=      6431 [TB_WRITE]: paddr = 00000018 | pwdata = ffffffff | pstrb = f
# tim_pslverr is not asserted.
# t=      6591 [TB_READ]: paddr = 00000018 prdata = 00000000
# -------------------------------------------------
# t =       6591 [[0;32m PASS: prdata 32'00000000 at addr 00000018 is  correct [0m]
# -------------------------------------------------
# t=      6591 [TB_WRITE]: paddr = 00000018 | pwdata = aaaaaaaa | pstrb = f
# tim_pslverr is not asserted.
# t=      6751 [TB_READ]: paddr = 00000018 prdata = 00000000
# -------------------------------------------------
# t =       6751 [[0;32m PASS: prdata 32'00000000 at addr 00000018 is  correct [0m]
# -------------------------------------------------
# t=      6751 [TB_WRITE]: paddr = 00000018 | pwdata = 55555555 | pstrb = f
# tim_pslverr is not asserted.
# t=      6911 [TB_READ]: paddr = 00000018 prdata = 00000000
# -------------------------------------------------
# t =       6911 [[0;32m PASS: prdata 32'00000000 at addr 00000018 is  correct [0m]
# -------------------------------------------------
# t=      6911 [TB_WRITE]: paddr = 00000018 | pwdata = 5aa5a55a | pstrb = f
# tim_pslverr is not asserted.
# t=      7071 [TB_READ]: paddr = 00000018 prdata = 00000000
# -------------------------------------------------
# t =       7071 [[0;32m PASS: prdata 32'00000000 at addr 00000018 is  correct [0m]
# -------------------------------------------------
# ****Verify THCSR R/W****
# t=      7071 [TB_WRITE]: paddr = 0000001c | pwdata = 00000000 | pstrb = f
# tim_pslverr is not asserted.
# t=      7231 [TB_READ]: paddr = 0000001c prdata = 00000000
# -------------------------------------------------
# t =       7231 [[0;32m PASS: prdata 32'00000000 at addr 0000001c is  correct [0m]
# -------------------------------------------------
# t=      7231 [TB_WRITE]: paddr = 0000001c | pwdata = ffffffff | pstrb = f
# tim_pslverr is not asserted.
# t=      7391 [TB_READ]: paddr = 0000001c prdata = 00000001
# -------------------------------------------------
# t =       7391 [[0;32m PASS: prdata 32'00000001 at addr 0000001c is  correct [0m]
# -------------------------------------------------
# t=      7391 [TB_WRITE]: paddr = 0000001c | pwdata = aaaaaaaa | pstrb = f
# tim_pslverr is not asserted.
# t=      7551 [TB_READ]: paddr = 0000001c prdata = 00000000
# -------------------------------------------------
# t =       7551 [[0;32m PASS: prdata 32'00000000 at addr 0000001c is  correct [0m]
# -------------------------------------------------
# t=      7551 [TB_WRITE]: paddr = 0000001c | pwdata = 55555555 | pstrb = f
# tim_pslverr is not asserted.
# t=      7711 [TB_READ]: paddr = 0000001c prdata = 00000001
# -------------------------------------------------
# t =       7711 [[0;32m PASS: prdata 32'00000001 at addr 0000001c is  correct [0m]
# -------------------------------------------------
# t=      7711 [TB_WRITE]: paddr = 0000001c | pwdata = 5aa5a55a | pstrb = f
# tim_pslverr is not asserted.
# t=      7871 [TB_READ]: paddr = 0000001c prdata = 00000000
# -------------------------------------------------
# t =       7871 [[0;32m PASS: prdata 32'00000000 at addr 0000001c is  correct [0m]
# -------------------------------------------------
# TEST STATUS: PASS
# ** Note: $finish    : ../tb/test_bench.v(71)
#    Time: 8071 ns  Iteration: 0  Instance: /test_bench
# Saving coverage database on exit...
# End time: 01:05:02 on Jun 15,2026, Elapsed time: 0:00:01
# Errors: 0, Warnings: 1
