# vsim -coverage -l reg_1hot_chk.log -c test_bench -voptargs="+cover=bcesft" -assertdebug -do "coverage save -onexit reg_1hot_chk.ucdb; log -r /*;run -all" 
# Start time: 01:04:56 on Jun 15,2026
# ** Note: (vsim-3813) Design is being optimized due to module recompilation...
# ** Warning: ../tb/test_bench.v(22): (vopt-2241) Connection width does not match width of port 'tim_paddr'. The port definition is at: ../rtl/timer_top.v(7).
# ** Note: (vsim-12126) Error and warning message counts have been restored: Errors=0, Warnings=1.
# //  Questa Intel Starter FPGA Edition-64
# //  Version 2024.3 linux_x86_64 Sep 10 2024
# //
# // Unpublished work. Copyright 2024 Siemens
# //
# // This material contains trade secrets or otherwise confidential information
# // owned by Siemens Industry Software Inc. or its affiliates (collectively,
# // "SISW"), or its licensors. Access to and use of this information is strictly
# // limited as set forth in the Customer's applicable agreements with SISW.
# //
# // This material may not be copied, distributed, or otherwise disclosed outside
# // of the Customer's facilities without the express written permission of SISW,
# // and may not be used in any way not expressly authorized by SISW.
# //
# Loading work.test_bench(fast)
# coverage save -onexit reg_1hot_chk.ucdb
#  log -r /*
# run -all
# ====================================================
# ==============Test Case: check One hot =============
# ====================================================
# Reseting ...
# Reset done
# t=       400 [TB_WRITE]: paddr = 00000018 | pwdata = 11111111 | pstrb = f
# tim_pslverr is not asserted.
# t=       471 [TB_WRITE]: paddr = 00000000 | pwdata = 22222222 | pstrb = f
# tim_pslverr is not asserted.
# t=       551 [TB_WRITE]: paddr = 00000004 | pwdata = 33333333 | pstrb = f
# tim_pslverr is not asserted.
# t=       631 [TB_WRITE]: paddr = 00000008 | pwdata = 44444444 | pstrb = f
# tim_pslverr is not asserted.
# t=       711 [TB_WRITE]: paddr = 0000000c | pwdata = 55555555 | pstrb = f
# tim_pslverr is not asserted.
# t=       791 [TB_WRITE]: paddr = 00000010 | pwdata = 66666666 | pstrb = f
# tim_pslverr is not asserted.
# t=       871 [TB_WRITE]: paddr = 00000014 | pwdata = 77777777 | pstrb = f
# tim_pslverr is not asserted.
# t=       951 [TB_WRITE]: paddr = 0000001c | pwdata = 88888888 | pstrb = f
# tim_pslverr is not asserted.
# t=      1111 [TB_READ]: paddr = 00000018 prdata = 00000000
# -------------------------------------------------
# t =       1111 [[0;32m PASS: prdata 32'00000000 at addr 00000018 is  correct [0m]
# -------------------------------------------------
# t=      1191 [TB_READ]: paddr = 00000000 prdata = 00000202
# -------------------------------------------------
# t =       1191 [[0;32m PASS: prdata 32'00000202 at addr 00000000 is  correct [0m]
# -------------------------------------------------
# t=      1271 [TB_READ]: paddr = 00000004 prdata = 33333333
# -------------------------------------------------
# t =       1271 [[0;32m PASS: prdata 32'33333333 at addr 00000004 is  correct [0m]
# -------------------------------------------------
# t=      1351 [TB_READ]: paddr = 00000008 prdata = 44444444
# -------------------------------------------------
# t =       1351 [[0;32m PASS: prdata 32'44444444 at addr 00000008 is  correct [0m]
# -------------------------------------------------
# t=      1431 [TB_READ]: paddr = 0000000c prdata = 55555555
# -------------------------------------------------
# t =       1431 [[0;32m PASS: prdata 32'55555555 at addr 0000000c is  correct [0m]
# -------------------------------------------------
# t=      1511 [TB_READ]: paddr = 00000010 prdata = 66666666
# -------------------------------------------------
# t =       1511 [[0;32m PASS: prdata 32'66666666 at addr 00000010 is  correct [0m]
# -------------------------------------------------
# t=      1591 [TB_READ]: paddr = 00000014 prdata = 00000001
# -------------------------------------------------
# t =       1591 [[0;32m PASS: prdata 32'00000001 at addr 00000014 is  correct [0m]
# -------------------------------------------------
# t=      1671 [TB_READ]: paddr = 0000001c prdata = 00000000
# -------------------------------------------------
# t =       1671 [[0;32m PASS: prdata 32'00000000 at addr 0000001c is  correct [0m]
# -------------------------------------------------
# TEST STATUS: PASS
# ** Note: $finish    : ../tb/test_bench.v(71)
#    Time: 1871 ns  Iteration: 0  Instance: /test_bench
# Saving coverage database on exit...
# End time: 01:04:56 on Jun 15,2026, Elapsed time: 0:00:00
# Errors: 0, Warnings: 1
