# vsim -coverage -l reg_init_chk.log -c test_bench -voptargs="+cover=bcesft" -assertdebug -do "coverage save -onexit reg_init_chk.ucdb; log -r /*;run -all" 
# Start time: 01:04:57 on Jun 15,2026
# ** Note: (vsim-3813) Design is being optimized due to module recompilation...
# ** Warning: ../tb/test_bench.v(22): (vopt-2241) Connection width does not match width of port 'tim_paddr'. The port definition is at: ../rtl/timer_top.v(7).
# ** Note: (vsim-12126) Error and warning message counts have been restored: Errors=0, Warnings=1.
# //  Questa Intel Starter FPGA Edition-64
# //  Version 2024.3 linux_x86_64 Sep 10 2024
# //
# // Unpublished work. Copyright 2024 Siemens
# //
# // This material contains trade secrets or otherwise confidential information
# // owned by Siemens Industry Software Inc. or its affiliates (collectively,
# // "SISW"), or its licensors. Access to and use of this information is strictly
# // limited as set forth in the Customer's applicable agreements with SISW.
# //
# // This material may not be copied, distributed, or otherwise disclosed outside
# // of the Customer's facilities without the express written permission of SISW,
# // and may not be used in any way not expressly authorized by SISW.
# //
# Loading work.test_bench(fast)
# coverage save -onexit reg_init_chk.ucdb
#  log -r /*
# run -all
# ====================================================
# ==============Test Case: check Init Value===========
# ====================================================
# Reseting ...
# Reset done
# Verify TCR default value
# t=       471 [TB_READ]: paddr = 00000000 prdata = 00000100
# -------------------------------------------------
# t =        471 [[0;32m PASS: prdata 32'00000100 at addr 00000000 is  correct [0m]
# -------------------------------------------------
# Verify TDR0 default value
# t=       551 [TB_READ]: paddr = 00000004 prdata = 00000000
# -------------------------------------------------
# t =        551 [[0;32m PASS: prdata 32'00000000 at addr 00000004 is  correct [0m]
# -------------------------------------------------
# Verify TDR1 default value
# t=       631 [TB_READ]: paddr = 00000008 prdata = 00000000
# -------------------------------------------------
# t =        631 [[0;32m PASS: prdata 32'00000000 at addr 00000008 is  correct [0m]
# -------------------------------------------------
# Verify TCMP0 default value
# t=       711 [TB_READ]: paddr = 0000000c prdata = ffffffff
# -------------------------------------------------
# t =        711 [[0;32m PASS: prdata 32'ffffffff at addr 0000000c is  correct [0m]
# -------------------------------------------------
# Verify TCMP1 default value
# t=       791 [TB_READ]: paddr = 00000010 prdata = ffffffff
# -------------------------------------------------
# t =        791 [[0;32m PASS: prdata 32'ffffffff at addr 00000010 is  correct [0m]
# -------------------------------------------------
# Verify TIER default value
# t=       871 [TB_READ]: paddr = 00000014 prdata = 00000000
# -------------------------------------------------
# t =        871 [[0;32m PASS: prdata 32'00000000 at addr 00000014 is  correct [0m]
# -------------------------------------------------
# Verify TISR default value
# t=       951 [TB_READ]: paddr = 00000018 prdata = 00000000
# -------------------------------------------------
# t =        951 [[0;32m PASS: prdata 32'00000000 at addr 00000018 is  correct [0m]
# -------------------------------------------------
# Verify THCSR default value
# t=      1031 [TB_READ]: paddr = 0000001c prdata = 00000000
# -------------------------------------------------
# t =       1031 [[0;32m PASS: prdata 32'00000000 at addr 0000001c is  correct [0m]
# -------------------------------------------------
# TEST STATUS: PASS
# ** Note: $finish    : ../tb/test_bench.v(71)
#    Time: 1231 ns  Iteration: 0  Instance: /test_bench
# Saving coverage database on exit...
# End time: 01:04:58 on Jun 15,2026, Elapsed time: 0:00:01
# Errors: 0, Warnings: 1
